; ModuleID = '<stdin>'

@b = constant i15 0                               ; <i15*> [#uses=0]
@c = constant i15 -2                              ; <i15*> [#uses=0]
@d = constant i15 0                               ; <i15*> [#uses=0]
@e = constant i15 -1                              ; <i15*> [#uses=0]
@f = constant i15 1                               ; <i15*> [#uses=0]
@g = constant i15 3                               ; <i15*> [#uses=0]
@h = constant i15 undef                           ; <i15*> [#uses=0]
@i = constant i15 -16384                          ; <i15*> [#uses=0]
@j = constant i15 1                               ; <i15*> [#uses=0]
@l = constant i15 -1                              ; <i15*> [#uses=0]
@n = constant i15 -2                              ; <i15*> [#uses=0]
@q = constant i15 16381                           ; <i15*> [#uses=0]
@r = constant i15 0                               ; <i15*> [#uses=0]
@s = constant i15 2                               ; <i15*> [#uses=0]
@t = constant i15 1                               ; <i15*> [#uses=0]
@u = constant i15 0                               ; <i15*> [#uses=0]
@o = constant i15 0                               ; <i15*> [#uses=0]
@p = constant i15 -1                              ; <i15*> [#uses=0]
@v = constant i15 -1                              ; <i15*> [#uses=0]
