; ModuleID = '<stdin>'

@b = constant i17 0                               ; <i17*> [#uses=0]
@c = constant i17 -2                              ; <i17*> [#uses=0]
@d = constant i17 0                               ; <i17*> [#uses=0]
@e = constant i17 -1                              ; <i17*> [#uses=0]
@f = constant i17 1                               ; <i17*> [#uses=0]
@g = constant i17 3                               ; <i17*> [#uses=0]
@h = constant i17 undef                           ; <i17*> [#uses=0]
@i = constant i17 -65536                          ; <i17*> [#uses=0]
@j = constant i17 1                               ; <i17*> [#uses=0]
@l = constant i17 -1                              ; <i17*> [#uses=0]
@n = constant i17 -2                              ; <i17*> [#uses=0]
@q = constant i17 0                               ; <i17*> [#uses=0]
@r = constant i17 2                               ; <i17*> [#uses=0]
@s = constant i17 1                               ; <i17*> [#uses=0]
@t = constant i17 0                               ; <i17*> [#uses=0]
@o = constant i17 0                               ; <i17*> [#uses=0]
@p = constant i17 -1                              ; <i17*> [#uses=0]
@v = constant i17 -1                              ; <i17*> [#uses=0]
