; ModuleID = '<stdin>'

@b = constant i33 0                               ; <i33*> [#uses=0]
@c = constant i33 -2                              ; <i33*> [#uses=0]
@d = constant i33 0                               ; <i33*> [#uses=0]
@e = constant i33 -1                              ; <i33*> [#uses=0]
@f = constant i33 1                               ; <i33*> [#uses=0]
@g = constant i33 3                               ; <i33*> [#uses=0]
@h = constant i33 undef                           ; <i33*> [#uses=0]
@i = constant i33 -4294967296                     ; <i33*> [#uses=0]
@j = constant i33 1                               ; <i33*> [#uses=0]
@l = constant i33 -1                              ; <i33*> [#uses=0]
@n = constant i33 -2                              ; <i33*> [#uses=0]
@q = constant i33 0                               ; <i33*> [#uses=0]
@r = constant i33 2                               ; <i33*> [#uses=0]
@s = constant i33 1                               ; <i33*> [#uses=0]
@t = constant i33 0                               ; <i33*> [#uses=0]
@o = constant i33 0                               ; <i33*> [#uses=0]
@p = constant i33 -1                              ; <i33*> [#uses=0]
@u = constant i33 -1                              ; <i33*> [#uses=0]
