; ModuleID = '<stdin>'

@b = constant i9 0                                ; <i9*> [#uses=0]
@c = constant i9 -2                               ; <i9*> [#uses=0]
@d = constant i9 0                                ; <i9*> [#uses=0]
@e = constant i9 -1                               ; <i9*> [#uses=0]
@f = constant i9 1                                ; <i9*> [#uses=0]
@g = constant i9 3                                ; <i9*> [#uses=0]
@h = constant i9 undef                            ; <i9*> [#uses=0]
@i = constant i9 -256                             ; <i9*> [#uses=0]
@j = constant i9 1                                ; <i9*> [#uses=0]
@l = constant i9 -1                               ; <i9*> [#uses=0]
@n = constant i9 -2                               ; <i9*> [#uses=0]
@q = constant i9 0                                ; <i9*> [#uses=0]
@r = constant i9 255                              ; <i9*> [#uses=0]
@s = constant i9 0                                ; <i9*> [#uses=0]
@t = constant i9 1                                ; <i9*> [#uses=0]
@o = constant i9 0                                ; <i9*> [#uses=0]
@p = constant i9 -1                               ; <i9*> [#uses=0]
